[    1246ms] [LOG] JQMIGRATE: Migrate is installed, version 3.4.1 @ https://civilrightsoregon.com/wp-includes/js/jquery/jquery-migrate.min.js?ver=3.4.1:1
[    1283ms] [WARNING] Tracking Prevention blocked access to storage for https://challenges.cloudflare.com/turnstile/v0/api.js?render=explicit&ver=7.1. @ https://civilrightsoregon.com/contact/:613
[    1283ms] [WARNING] Tracking Prevention blocked access to storage for https://challenges.cloudflare.com/turnstile/v0/api.js?render=explicit&ver=7.1. @ https://civilrightsoregon.com/contact/:613
[    1283ms] [WARNING] Tracking Prevention blocked access to storage for https://challenges.cloudflare.com/turnstile/v0/api.js?render=explicit&ver=7.1. @ https://civilrightsoregon.com/contact/:613
[    1283ms] [WARNING] Tracking Prevention blocked access to storage for https://challenges.cloudflare.com/turnstile/v0/api.js?render=explicit&ver=7.1. @ https://civilrightsoregon.com/contact/:613
[    1527ms] [WARNING] Tracking Prevention blocked access to storage for https://challenges.cloudflare.com/turnstile/v0/g/330e41bb475c/api.js. @ https://civilrightsoregon.com/contact/:0
[    1527ms] [WARNING] Tracking Prevention blocked access to storage for https://challenges.cloudflare.com/turnstile/v0/g/330e41bb475c/api.js. @ https://civilrightsoregon.com/contact/:0
[    1527ms] [WARNING] Tracking Prevention blocked access to storage for https://challenges.cloudflare.com/turnstile/v0/g/330e41bb475c/api.js. @ https://civilrightsoregon.com/contact/:0
[    1527ms] [WARNING] Tracking Prevention blocked access to storage for https://challenges.cloudflare.com/turnstile/v0/g/330e41bb475c/api.js. @ https://civilrightsoregon.com/contact/:0
[    1594ms] [WARNING] [Cloudflare Turnstile] Unknown parameter passed to api.js: "?ver=...", ignoring. @ chrome-extension://fmkadmapgofadopljbjfkapdkoienihi/build/installHook.js:0
[    1747ms] [WARNING] Tracking Prevention blocked access to storage for https://challenges.cloudflare.com/cdn-cgi/challenge-platform/h/g/turnstile/f/av0/rch/9k7x3/0x4AAAAAAD1C6TK0tGi8EE6X/light/fbE/new/normal?lang=auto. @ https://civilrightsoregon.com/contact/:0
[    1747ms] [WARNING] Tracking Prevention blocked access to storage for https://challenges.cloudflare.com/cdn-cgi/challenge-platform/h/g/turnstile/f/av0/rch/9k7x3/0x4AAAAAAD1C6TK0tGi8EE6X/light/fbE/new/normal?lang=auto. @ https://civilrightsoregon.com/contact/:0
[    1747ms] [WARNING] Tracking Prevention blocked access to storage for https://challenges.cloudflare.com/cdn-cgi/challenge-platform/h/g/turnstile/f/av0/rch/9k7x3/0x4AAAAAAD1C6TK0tGi8EE6X/light/fbE/new/normal?lang=auto. @ https://civilrightsoregon.com/contact/:0
[    1747ms] [WARNING] Tracking Prevention blocked access to storage for https://challenges.cloudflare.com/cdn-cgi/challenge-platform/h/g/turnstile/f/av0/rch/9k7x3/0x4AAAAAAD1C6TK0tGi8EE6X/light/fbE/new/normal?lang=auto. @ https://civilrightsoregon.com/contact/:0
[    2007ms] [WARNING] Tracking Prevention blocked access to storage for https://challenges.cloudflare.com/. @ https://civilrightsoregon.com/contact/:0
[    2011ms] [WARNING] Tracking Prevention blocked access to storage for https://challenges.cloudflare.com/. @ https://civilrightsoregon.com/contact/:0
[    2064ms] [ERROR] Blocked script execution in 'about:blank' because the document's frame is sandboxed and the 'allow-scripts' permission is not set. @ https://challenges.cloudflare.com/cdn-cgi/challenge-platform/h/g/turnstile/f/av0/rch/9k7x3/0x4AAAAAAD1C6TK0tGi8EE6X/light/fbE/new/normal?lang=auto:0
[    2066ms] [ERROR] Blocked script execution in 'about:blank' because the document's frame is sandboxed and the 'allow-scripts' permission is not set. @ https://challenges.cloudflare.com/cdn-cgi/challenge-platform/h/g/turnstile/f/av0/rch/9k7x3/0x4AAAAAAD1C6TK0tGi8EE6X/light/fbE/new/normal?lang=auto:0
[    2069ms] [WARNING] Tracking Prevention blocked access to storage for https://challenges.cloudflare.com/. @ https://civilrightsoregon.com/contact/:0
[    3108ms] [WARNING] Tracking Prevention blocked access to storage for https://challenges.cloudflare.com/cdn-cgi/challenge-platform/h/g/fo/3892677353:1789063508:LoDL8ySvKrTTeIKidnuOyFtW4ymrJU7msp8mFyGRXVM/a39080f3bdb5ff17/WuWOGL3FlFoPoGnNV6eZMFkjeh4ILMcOBE4EJEblqns-1789065024-1.2.1.1-_D1LVgcvwr6Beojf6GGt.KXUhLcCp_C4WRTx7Wby2y2HJLre2ywiQ_Oj7vfzRF_X. @ https://civilrightsoregon.com/contact/:0
[    3109ms] [WARNING] Tracking Prevention blocked access to storage for https://challenges.cloudflare.com/cdn-cgi/challenge-platform/h/g/fo/3892677353:1789063508:LoDL8ySvKrTTeIKidnuOyFtW4ymrJU7msp8mFyGRXVM/a39080f3bdb5ff17/WuWOGL3FlFoPoGnNV6eZMFkjeh4ILMcOBE4EJEblqns-1789065024-1.2.1.1-_D1LVgcvwr6Beojf6GGt.KXUhLcCp_C4WRTx7Wby2y2HJLre2ywiQ_Oj7vfzRF_X. @ https://civilrightsoregon.com/contact/:0
[    3109ms] [WARNING] Tracking Prevention blocked access to storage for https://challenges.cloudflare.com/cdn-cgi/challenge-platform/h/g/fo/3892677353:1789063508:LoDL8ySvKrTTeIKidnuOyFtW4ymrJU7msp8mFyGRXVM/a39080f3bdb5ff17/WuWOGL3FlFoPoGnNV6eZMFkjeh4ILMcOBE4EJEblqns-1789065024-1.2.1.1-_D1LVgcvwr6Beojf6GGt.KXUhLcCp_C4WRTx7Wby2y2HJLre2ywiQ_Oj7vfzRF_X. @ https://civilrightsoregon.com/contact/:0
[    3109ms] [WARNING] Tracking Prevention blocked access to storage for https://challenges.cloudflare.com/cdn-cgi/challenge-platform/h/g/fo/3892677353:1789063508:LoDL8ySvKrTTeIKidnuOyFtW4ymrJU7msp8mFyGRXVM/a39080f3bdb5ff17/WuWOGL3FlFoPoGnNV6eZMFkjeh4ILMcOBE4EJEblqns-1789065024-1.2.1.1-_D1LVgcvwr6Beojf6GGt.KXUhLcCp_C4WRTx7Wby2y2HJLre2ywiQ_Oj7vfzRF_X. @ https://civilrightsoregon.com/contact/:0
[    3714ms] [WARNING] Tracking Prevention blocked access to storage for https://challenges.cloudflare.com/. @ https://civilrightsoregon.com/contact/:0
[    3718ms] [WARNING] Tracking Prevention blocked access to storage for https://challenges.cloudflare.com/. @ https://civilrightsoregon.com/contact/:0
[    3726ms] [WARNING] Tracking Prevention blocked access to storage for https://challenges.cloudflare.com/cdn-cgi/challenge-platform/h/g/turnstile/f/av0/rch/9k7x3/0x4AAAAAAD1C6TK0tGi8EE6X/light/fbE/new/normal?lang=auto. @ https://civilrightsoregon.com/contact/:0
[    3874ms] [WARNING] Tracking Prevention blocked access to storage for https://challenges.cloudflare.com/. @ https://civilrightsoregon.com/contact/:0
[    3909ms] [WARNING] Tracking Prevention blocked access to storage for https://challenges.cloudflare.com/. @ https://civilrightsoregon.com/contact/:0
[    3918ms] [WARNING] Tracking Prevention blocked access to storage for https://challenges.cloudflare.com/. @ https://civilrightsoregon.com/contact/:0
[    4029ms] [WARNING] Tracking Prevention blocked access to storage for https://challenges.cloudflare.com/. @ https://civilrightsoregon.com/contact/:0
[    4053ms] [WARNING] Tracking Prevention blocked access to storage for https://challenges.cloudflare.com/. @ https://civilrightsoregon.com/contact/:0
[    4057ms] [WARNING] Tracking Prevention blocked access to storage for https://challenges.cloudflare.com/. @ https://civilrightsoregon.com/contact/:0
[    4434ms] [WARNING] OTS parsing error: Size of decompressed WOFF 2.0 is less than compressed size @ https://challenges.cloudflare.com/cdn-cgi/challenge-platform/h/g/turnstile/f/av0/rch/9k7x3/0x4AAAAAAD1C6TK0tGi8EE6X/light/fbE/new/normal?lang=auto:0
[    4468ms] [WARNING] No available adapters. @ https://challenges.cloudflare.com/cdn-cgi/challenge-platform/h/g/turnstile/f/av0/rch/9k7x3/0x4AAAAAAD1C6TK0tGi8EE6X/light/fbE/new/normal?lang=auto:0
[    4478ms] [WARNING] Tracking Prevention blocked access to storage for https://challenges.cloudflare.com/cdn-cgi/challenge-platform/h/g/ci/a39080f3bdb5ff17/1789065025977/tiBdtwcJCPmtzAv91nUoRYBxmk06.iuc1kiWS5julg0-1789065025-1.3.1.1-KuSa1xcpEs37fXyDbAlsRUw5YuEIRUQZO7NkcKv7bwTg6xDNVS7layEUVpISiEP5.uYVxw90ddZT0e7KK5lZRKvjbkiLrnoKIYl7l2SEmJkadmyH9B2bzlDhUrK1Usld.Nab22i8xl.IemcVt4kR_OgzmVcCBJGTkCZ4AYMDgS4ljs4juylx57Q0Y8pUwYItGfwBD5HfgcQyQghO5PfrRMzerhpVJUp0QPVr02V7KsAMEfeWdmxPbqCFEe2ZYfa_hPktUdTqVqLKsKmGerkvEWO7G0EYv1hgYKQBa9e3kPOvc3UACO2v80U_l5XFlWh6wAGhbs7OnBriy5qBdZ3y7HGanc5kiKTOVpO86iRmmi1IpEvnhUoDmGcYI3fLORVmBERMBL1Y.7oVYCX7j8DqL0cBeIbdKyHDf5pPt81MUWsrS.XZ4WcD4kRvfEyJICKDt5O5pLcPkqDjOKLL.e5tU2MyzLEws6AJMQIa.dc7NH_sfGfn5hY8iUJaH2OY1Ioj_H2z1a.nY7Ul53Y.IsqSGNnXm4esmEy_y6FhhQ5YNxoyUmP3LsIrhlS7idtIH1I9CRMuFrqOQQqDKl6._9rtOgHC8gXPXsV5ToJktsK_Z2y4HHbSA2YSqsdrpjuIN71AbcHfZWEEcauAX365Wk4W0x1BCsUlVmo92ZAXTJ3NOzKT3qx6CX3bWfdepnRV1eqtzVXmSHzOE4Z.qBPTCODzNc7pwE7x8XI4b3B8CSHe19g. @ https://civilrightsoregon.com/contact/:0
[    4478ms] [WARNING] Tracking Prevention blocked access to storage for https://challenges.cloudflare.com/cdn-cgi/challenge-platform/h/g/ci/a39080f3bdb5ff17/1789065025977/tiBdtwcJCPmtzAv91nUoRYBxmk06.iuc1kiWS5julg0-1789065025-1.3.1.1-KuSa1xcpEs37fXyDbAlsRUw5YuEIRUQZO7NkcKv7bwTg6xDNVS7layEUVpISiEP5.uYVxw90ddZT0e7KK5lZRKvjbkiLrnoKIYl7l2SEmJkadmyH9B2bzlDhUrK1Usld.Nab22i8xl.IemcVt4kR_OgzmVcCBJGTkCZ4AYMDgS4ljs4juylx57Q0Y8pUwYItGfwBD5HfgcQyQghO5PfrRMzerhpVJUp0QPVr02V7KsAMEfeWdmxPbqCFEe2ZYfa_hPktUdTqVqLKsKmGerkvEWO7G0EYv1hgYKQBa9e3kPOvc3UACO2v80U_l5XFlWh6wAGhbs7OnBriy5qBdZ3y7HGanc5kiKTOVpO86iRmmi1IpEvnhUoDmGcYI3fLORVmBERMBL1Y.7oVYCX7j8DqL0cBeIbdKyHDf5pPt81MUWsrS.XZ4WcD4kRvfEyJICKDt5O5pLcPkqDjOKLL.e5tU2MyzLEws6AJMQIa.dc7NH_sfGfn5hY8iUJaH2OY1Ioj_H2z1a.nY7Ul53Y.IsqSGNnXm4esmEy_y6FhhQ5YNxoyUmP3LsIrhlS7idtIH1I9CRMuFrqOQQqDKl6._9rtOgHC8gXPXsV5ToJktsK_Z2y4HHbSA2YSqsdrpjuIN71AbcHfZWEEcauAX365Wk4W0x1BCsUlVmo92ZAXTJ3NOzKT3qx6CX3bWfdepnRV1eqtzVXmSHzOE4Z.qBPTCODzNc7pwE7x8XI4b3B8CSHe19g. @ https://civilrightsoregon.com/contact/:0
[    4478ms] [WARNING] Tracking Prevention blocked access to storage for https://challenges.cloudflare.com/cdn-cgi/challenge-platform/h/g/ci/a39080f3bdb5ff17/1789065025977/tiBdtwcJCPmtzAv91nUoRYBxmk06.iuc1kiWS5julg0-1789065025-1.3.1.1-KuSa1xcpEs37fXyDbAlsRUw5YuEIRUQZO7NkcKv7bwTg6xDNVS7layEUVpISiEP5.uYVxw90ddZT0e7KK5lZRKvjbkiLrnoKIYl7l2SEmJkadmyH9B2bzlDhUrK1Usld.Nab22i8xl.IemcVt4kR_OgzmVcCBJGTkCZ4AYMDgS4ljs4juylx57Q0Y8pUwYItGfwBD5HfgcQyQghO5PfrRMzerhpVJUp0QPVr02V7KsAMEfeWdmxPbqCFEe2ZYfa_hPktUdTqVqLKsKmGerkvEWO7G0EYv1hgYKQBa9e3kPOvc3UACO2v80U_l5XFlWh6wAGhbs7OnBriy5qBdZ3y7HGanc5kiKTOVpO86iRmmi1IpEvnhUoDmGcYI3fLORVmBERMBL1Y.7oVYCX7j8DqL0cBeIbdKyHDf5pPt81MUWsrS.XZ4WcD4kRvfEyJICKDt5O5pLcPkqDjOKLL.e5tU2MyzLEws6AJMQIa.dc7NH_sfGfn5hY8iUJaH2OY1Ioj_H2z1a.nY7Ul53Y.IsqSGNnXm4esmEy_y6FhhQ5YNxoyUmP3LsIrhlS7idtIH1I9CRMuFrqOQQqDKl6._9rtOgHC8gXPXsV5ToJktsK_Z2y4HHbSA2YSqsdrpjuIN71AbcHfZWEEcauAX365Wk4W0x1BCsUlVmo92ZAXTJ3NOzKT3qx6CX3bWfdepnRV1eqtzVXmSHzOE4Z.qBPTCODzNc7pwE7x8XI4b3B8CSHe19g. @ https://civilrightsoregon.com/contact/:0
[    4478ms] [WARNING] Tracking Prevention blocked access to storage for https://challenges.cloudflare.com/cdn-cgi/challenge-platform/h/g/ci/a39080f3bdb5ff17/1789065025977/tiBdtwcJCPmtzAv91nUoRYBxmk06.iuc1kiWS5julg0-1789065025-1.3.1.1-KuSa1xcpEs37fXyDbAlsRUw5YuEIRUQZO7NkcKv7bwTg6xDNVS7layEUVpISiEP5.uYVxw90ddZT0e7KK5lZRKvjbkiLrnoKIYl7l2SEmJkadmyH9B2bzlDhUrK1Usld.Nab22i8xl.IemcVt4kR_OgzmVcCBJGTkCZ4AYMDgS4ljs4juylx57Q0Y8pUwYItGfwBD5HfgcQyQghO5PfrRMzerhpVJUp0QPVr02V7KsAMEfeWdmxPbqCFEe2ZYfa_hPktUdTqVqLKsKmGerkvEWO7G0EYv1hgYKQBa9e3kPOvc3UACO2v80U_l5XFlWh6wAGhbs7OnBriy5qBdZ3y7HGanc5kiKTOVpO86iRmmi1IpEvnhUoDmGcYI3fLORVmBERMBL1Y.7oVYCX7j8DqL0cBeIbdKyHDf5pPt81MUWsrS.XZ4WcD4kRvfEyJICKDt5O5pLcPkqDjOKLL.e5tU2MyzLEws6AJMQIa.dc7NH_sfGfn5hY8iUJaH2OY1Ioj_H2z1a.nY7Ul53Y.IsqSGNnXm4esmEy_y6FhhQ5YNxoyUmP3LsIrhlS7idtIH1I9CRMuFrqOQQqDKl6._9rtOgHC8gXPXsV5ToJktsK_Z2y4HHbSA2YSqsdrpjuIN71AbcHfZWEEcauAX365Wk4W0x1BCsUlVmo92ZAXTJ3NOzKT3qx6CX3bWfdepnRV1eqtzVXmSHzOE4Z.qBPTCODzNc7pwE7x8XI4b3B8CSHe19g. @ https://civilrightsoregon.com/contact/:0
[    4489ms] [ERROR] Blocked script execution in 'about:blank' because the document's frame is sandboxed and the 'allow-scripts' permission is not set. @ https://challenges.cloudflare.com/cdn-cgi/challenge-platform/h/g/turnstile/f/av0/rch/9k7x3/0x4AAAAAAD1C6TK0tGi8EE6X/light/fbE/new/normal?lang=auto:0
[    4491ms] [WARNING] Tracking Prevention blocked access to storage for https://challenges.cloudflare.com/. @ https://civilrightsoregon.com/contact/:0
[    4491ms] [ERROR] Blocked script execution in 'about:blank' because the document's frame is sandboxed and the 'allow-scripts' permission is not set. @ https://challenges.cloudflare.com/cdn-cgi/challenge-platform/h/g/turnstile/f/av0/rch/9k7x3/0x4AAAAAAD1C6TK0tGi8EE6X/light/fbE/new/normal?lang=auto:0
[    4492ms] [LOG] /.*.*=.*/ @ https://challenges.cloudflare.com/cdn-cgi/challenge-platform/h/g/turnstile/f/av0/rch/9k7x3/0x4AAAAAAD1C6TK0tGi8EE6X/light/fbE/new/normal?lang=auto:0
[    4492ms] [LOG] /.*.*=.*/ @ https://challenges.cloudflare.com/cdn-cgi/challenge-platform/h/g/turnstile/f/av0/rch/9k7x3/0x4AAAAAAD1C6TK0tGi8EE6X/light/fbE/new/normal?lang=auto:0
[    4493ms] [LOG] function () { [native code] } @ https://challenges.cloudflare.com/cdn-cgi/challenge-platform/h/g/turnstile/f/av0/rch/9k7x3/0x4AAAAAAD1C6TK0tGi8EE6X/light/fbE/new/normal?lang=auto:0
[    4493ms] [LOG] function () { [native code] } @ https://challenges.cloudflare.com/cdn-cgi/challenge-platform/h/g/turnstile/f/av0/rch/9k7x3/0x4AAAAAAD1C6TK0tGi8EE6X/light/fbE/new/normal?lang=auto:0
[    4493ms] [LOG] JSHandle@node @ https://challenges.cloudflare.com/cdn-cgi/challenge-platform/h/g/turnstile/f/av0/rch/9k7x3/0x4AAAAAAD1C6TK0tGi8EE6X/light/fbE/new/normal?lang=auto:0
[    4493ms] [LOG] JSHandle@node @ https://challenges.cloudflare.com/cdn-cgi/challenge-platform/h/g/turnstile/f/av0/rch/9k7x3/0x4AAAAAAD1C6TK0tGi8EE6X/light/fbE/new/normal?lang=auto:0
[    4493ms] [COUNT]  : 1 @ https://challenges.cloudflare.com/cdn-cgi/challenge-platform/h/g/turnstile/f/av0/rch/9k7x3/0x4AAAAAAD1C6TK0tGi8EE6X/light/fbE/new/normal?lang=auto:0
[    4493ms] [COUNT]  : 1 @ https://challenges.cloudflare.com/cdn-cgi/challenge-platform/h/g/turnstile/f/av0/rch/9k7x3/0x4AAAAAAD1C6TK0tGi8EE6X/light/fbE/new/normal?lang=auto:0
[    4493ms] [DIR]  Error @ https://challenges.cloudflare.com/cdn-cgi/challenge-platform/h/g/turnstile/f/av0/rch/9k7x3/0x4AAAAAAD1C6TK0tGi8EE6X/light/fbE/new/normal?lang=auto:0
[    4494ms] [DIR]  Error @ https://challenges.cloudflare.com/cdn-cgi/challenge-platform/h/g/turnstile/f/av0/rch/9k7x3/0x4AAAAAAD1C6TK0tGi8EE6X/light/fbE/new/normal?lang=auto:0
[    4494ms] [DIRXML] %c%d font-size:0;color:transparent Error @ https://challenges.cloudflare.com/cdn-cgi/challenge-platform/h/g/turnstile/f/av0/rch/9k7x3/0x4AAAAAAD1C6TK0tGi8EE6X/light/fbE/new/normal?lang=auto:0
[    4494ms] [DIRXML] %c%d font-size:0;color:transparent Error @ https://challenges.cloudflare.com/cdn-cgi/challenge-platform/h/g/turnstile/f/av0/rch/9k7x3/0x4AAAAAAD1C6TK0tGi8EE6X/light/fbE/new/normal?lang=auto:0
[    4494ms] [ERROR] %c%d font-size:0;color:transparent NaN @ https://challenges.cloudflare.com/cdn-cgi/challenge-platform/h/g/turnstile/f/av0/rch/9k7x3/0x4AAAAAAD1C6TK0tGi8EE6X/light/fbE/new/normal?lang=auto:0
[    4494ms] [ERROR] %c%d font-size:0;color:transparent NaN @ https://challenges.cloudflare.com/cdn-cgi/challenge-platform/h/g/turnstile/f/av0/rch/9k7x3/0x4AAAAAAD1C6TK0tGi8EE6X/light/fbE/new/normal?lang=auto:0
[    4494ms] [INFO] %c%d font-size:0;color:transparent NaN @ https://challenges.cloudflare.com/cdn-cgi/challenge-platform/h/g/turnstile/f/av0/rch/9k7x3/0x4AAAAAAD1C6TK0tGi8EE6X/light/fbE/new/normal?lang=auto:0
[    4494ms] [INFO] %c%d font-size:0;color:transparent NaN @ https://challenges.cloudflare.com/cdn-cgi/challenge-platform/h/g/turnstile/f/av0/rch/9k7x3/0x4AAAAAAD1C6TK0tGi8EE6X/light/fbE/new/normal?lang=auto:0
[    4494ms] [LOG] %c%d font-size:0;color:transparent NaN @ https://challenges.cloudflare.com/cdn-cgi/challenge-platform/h/g/turnstile/f/av0/rch/9k7x3/0x4AAAAAAD1C6TK0tGi8EE6X/light/fbE/new/normal?lang=auto:0
[    4494ms] [LOG] %c%d font-size:0;color:transparent NaN @ https://challenges.cloudflare.com/cdn-cgi/challenge-platform/h/g/turnstile/f/av0/rch/9k7x3/0x4AAAAAAD1C6TK0tGi8EE6X/light/fbE/new/normal?lang=auto:0
[    4494ms] [TABLE] %c%d font-size:0;color:transparent Error @ https://challenges.cloudflare.com/cdn-cgi/challenge-platform/h/g/turnstile/f/av0/rch/9k7x3/0x4AAAAAAD1C6TK0tGi8EE6X/light/fbE/new/normal?lang=auto:0
[    4494ms] [TABLE] %c%d font-size:0;color:transparent Error @ https://challenges.cloudflare.com/cdn-cgi/challenge-platform/h/g/turnstile/f/av0/rch/9k7x3/0x4AAAAAAD1C6TK0tGi8EE6X/light/fbE/new/normal?lang=auto:0
[    4495ms] [WARNING] %c%d font-size:0;color:transparent NaN @ https://challenges.cloudflare.com/cdn-cgi/challenge-platform/h/g/turnstile/f/av0/rch/9k7x3/0x4AAAAAAD1C6TK0tGi8EE6X/light/fbE/new/normal?lang=auto:0
[    4495ms] [WARNING] %c%d font-size:0;color:transparent NaN @ https://challenges.cloudflare.com/cdn-cgi/challenge-platform/h/g/turnstile/f/av0/rch/9k7x3/0x4AAAAAAD1C6TK0tGi8EE6X/light/fbE/new/normal?lang=auto:0
[    4536ms] [WARNING] Tracking Prevention blocked access to storage for https://challenges.cloudflare.com/. @ https://civilrightsoregon.com/contact/:0
[    5132ms] [WARNING] Tracking Prevention blocked access to storage for https://challenges.cloudflare.com/cdn-cgi/challenge-platform/h/g/fo/3892677353:1789063508:LoDL8ySvKrTTeIKidnuOyFtW4ymrJU7msp8mFyGRXVM/a39080f3bdb5ff17/WuWOGL3FlFoPoGnNV6eZMFkjeh4ILMcOBE4EJEblqns-1789065024-1.2.1.1-_D1LVgcvwr6Beojf6GGt.KXUhLcCp_C4WRTx7Wby2y2HJLre2ywiQ_Oj7vfzRF_X. @ https://civilrightsoregon.com/contact/:0
[    5132ms] [WARNING] Tracking Prevention blocked access to storage for https://challenges.cloudflare.com/cdn-cgi/challenge-platform/h/g/fo/3892677353:1789063508:LoDL8ySvKrTTeIKidnuOyFtW4ymrJU7msp8mFyGRXVM/a39080f3bdb5ff17/WuWOGL3FlFoPoGnNV6eZMFkjeh4ILMcOBE4EJEblqns-1789065024-1.2.1.1-_D1LVgcvwr6Beojf6GGt.KXUhLcCp_C4WRTx7Wby2y2HJLre2ywiQ_Oj7vfzRF_X. @ https://civilrightsoregon.com/contact/:0
[    5132ms] [WARNING] Tracking Prevention blocked access to storage for https://challenges.cloudflare.com/cdn-cgi/challenge-platform/h/g/fo/3892677353:1789063508:LoDL8ySvKrTTeIKidnuOyFtW4ymrJU7msp8mFyGRXVM/a39080f3bdb5ff17/WuWOGL3FlFoPoGnNV6eZMFkjeh4ILMcOBE4EJEblqns-1789065024-1.2.1.1-_D1LVgcvwr6Beojf6GGt.KXUhLcCp_C4WRTx7Wby2y2HJLre2ywiQ_Oj7vfzRF_X. @ https://civilrightsoregon.com/contact/:0
[    5133ms] [WARNING] Tracking Prevention blocked access to storage for https://challenges.cloudflare.com/cdn-cgi/challenge-platform/h/g/fo/3892677353:1789063508:LoDL8ySvKrTTeIKidnuOyFtW4ymrJU7msp8mFyGRXVM/a39080f3bdb5ff17/WuWOGL3FlFoPoGnNV6eZMFkjeh4ILMcOBE4EJEblqns-1789065024-1.2.1.1-_D1LVgcvwr6Beojf6GGt.KXUhLcCp_C4WRTx7Wby2y2HJLre2ywiQ_Oj7vfzRF_X. @ https://civilrightsoregon.com/contact/:0
[   21145ms] [ERROR] Failed to load resource: the server responded with a status of 404 () @ https://worklaw.io/contact:0
[   21672ms] [ERROR] Failed to load resource: the server responded with a status of 404 () @ https://worklaw.io/favicon.ico:0
[   26237ms] [ERROR] Failed to load resource: net::ERR_BLOCKED_BY_CLIENT @ https://log.cookieyes.com/api/v1/log:0
[   26453ms] [WARNING] Tracking Prevention blocked access to storage for https://ssl.p.jwpcdn.com/player/v/7.7.2/provider.html5.js. @ https://www.worklaw.com/:0
[   26453ms] [WARNING] Tracking Prevention blocked access to storage for https://ssl.p.jwpcdn.com/player/v/7.7.2/provider.html5.js. @ https://www.worklaw.com/:0
[   26453ms] [WARNING] Tracking Prevention blocked access to storage for https://ssl.p.jwpcdn.com/player/v/7.7.2/provider.html5.js. @ https://www.worklaw.com/:0
[   26453ms] [WARNING] Tracking Prevention blocked access to storage for https://ssl.p.jwpcdn.com/player/v/7.7.2/provider.html5.js. @ https://www.worklaw.com/:0
[   26453ms] [WARNING] Tracking Prevention blocked access to storage for https://ssl.p.jwpcdn.com/player/v/7.7.2/related.js. @ https://www.worklaw.com/:0
[   26453ms] [WARNING] Tracking Prevention blocked access to storage for https://ssl.p.jwpcdn.com/player/v/7.7.2/related.js. @ https://www.worklaw.com/:0
[   26453ms] [WARNING] Tracking Prevention blocked access to storage for https://ssl.p.jwpcdn.com/player/v/7.7.2/related.js. @ https://www.worklaw.com/:0
[   26453ms] [WARNING] Tracking Prevention blocked access to storage for https://ssl.p.jwpcdn.com/player/v/7.7.2/related.js. @ https://www.worklaw.com/:0
[   26453ms] [WARNING] Tracking Prevention blocked access to storage for https://ssl.p.jwpcdn.com/player/v/7.7.2/jwpsrv.js. @ https://www.worklaw.com/:0
[   26453ms] [WARNING] Tracking Prevention blocked access to storage for https://ssl.p.jwpcdn.com/player/v/7.7.2/jwpsrv.js. @ https://www.worklaw.com/:0
[   26453ms] [WARNING] Tracking Prevention blocked access to storage for https://ssl.p.jwpcdn.com/player/v/7.7.2/jwpsrv.js. @ https://www.worklaw.com/:0
[   26453ms] [WARNING] Tracking Prevention blocked access to storage for https://ssl.p.jwpcdn.com/player/v/7.7.2/jwpsrv.js. @ https://www.worklaw.com/:0
[   26770ms] [WARNING] Tracking Prevention blocked access to storage for https://ssl.p.jwpcdn.com/player/v/7.7.2/polyfills.vttrenderer.js. @ https://www.worklaw.com/:0
[   26770ms] [WARNING] Tracking Prevention blocked access to storage for https://ssl.p.jwpcdn.com/player/v/7.7.2/polyfills.vttrenderer.js. @ https://www.worklaw.com/:0
[   26770ms] [WARNING] Tracking Prevention blocked access to storage for https://ssl.p.jwpcdn.com/player/v/7.7.2/polyfills.vttrenderer.js. @ https://www.worklaw.com/:0
[   26770ms] [WARNING] Tracking Prevention blocked access to storage for https://ssl.p.jwpcdn.com/player/v/7.7.2/polyfills.vttrenderer.js. @ https://www.worklaw.com/:0
[   30419ms] [ERROR] Failed to load resource: net::ERR_BLOCKED_BY_CLIENT @ https://jwpltx.com/v1/jwplayer6/ping.gif?h=-1073179561&e=e&tv=2.14.0&n=1316440156171048&aid=y2v1%2BI8YEeWzBgpVuA4vVw&ed=0&pv=7.7.2&sdk=0&emi=jpzgd91rqrdq&ph=0&pid=&lid=dk56av3y6sb7&pli=5qqhkf1xtqon&id=&tvs=0&set=&c=-1&ask=&fv=&cp=0&plt=2400&st=340&pd=0&vp=1&ab=0&po=1&s=0&r=0&sn=seven&pad=&cb=0&ga=0&dd=1&rf=&vrt=&d=0&pp=html5&ps=4&wd=761&pl=428&vi=&at=1&i=0&vl=90&mt=0&ccp=0&eb=0&mu=https%3A%2F%2Fwww.worklaw.com%2Fuploads%2FWRK-Collegiality.mp4&t=&pu=https%3A%2F%2Fwww.worklaw.com%2F&pt=Worklaw%C2%AE%20Network&m=1:0
[  107218ms] [VERBOSE] [DOM] Input elements should have autocomplete attributes (suggested: "current-password"): (More info: https://www.chromium.org/developers/design-documents/create-amazing-password-forms) %o @ https://www.oregontriallawyers.org/index.cfm?pg=OTLABoard:0
[  107218ms] [VERBOSE] [DOM] Input elements should have autocomplete attributes (suggested: "current-password"): (More info: https://www.chromium.org/developers/design-documents/create-amazing-password-forms) %o @ https://www.oregontriallawyers.org/index.cfm?pg=OTLABoard:0
[  107227ms] [ERROR] Failed to load resource: net::ERR_BLOCKED_BY_CLIENT @ https://www.datadoghq-browser-agent.com/us1/v4/datadog-logs.js:0
